--------------------------------------------------------------------------------
Sat Sep 19 12:08:23 CDT 2020

/dev/xvda4                                                 95G   13G   78G  14% /mnt/data

              total        used        free      shared  buff/cache   available
Mem:          31982        2163       29040           8         778       29592
Swap:          1023           0        1023

--------------------------------------------------------------------------------
Sat Sep 19 12:08:30 CDT 2020

/dev/xvda4                                                 95G   13G   78G  14% /mnt/data

              total        used        free      shared  buff/cache   available
Mem:          31982        2798       28375           8         807       28957
Swap:          1023           0        1023

--------------------------------------------------------------------------------
Sat Sep 19 12:08:38 CDT 2020

/dev/xvda4                                                 95G   13G   78G  14% /mnt/data

              total        used        free      shared  buff/cache   available
Mem:          31982        3545       27590           8         846       28210
Swap:          1023           0        1023

--------------------------------------------------------------------------------
Sat Sep 19 12:08:45 CDT 2020

/dev/xvda4                                                 95G   13G   78G  14% /mnt/data

              total        used        free      shared  buff/cache   available
Mem:          31982        3994       26980           8        1007       27760
Swap:          1023           0        1023

--------------------------------------------------------------------------------
Sat Sep 19 12:08:53 CDT 2020

/dev/xvda4                                                 95G   13G   78G  14% /mnt/data

              total        used        free      shared  buff/cache   available
Mem:          31982        4428       26344           8        1208       27326
Swap:          1023           0        1023

--------------------------------------------------------------------------------
Sat Sep 19 12:09:00 CDT 2020

/dev/xvda4                                                 95G   13G   78G  14% /mnt/data

              total        used        free      shared  buff/cache   available
Mem:          31982        4439       26171           8        1371       27315
Swap:          1023           0        1023

--------------------------------------------------------------------------------
Sat Sep 19 12:09:09 CDT 2020

/dev/xvda4                                                 95G   13G   78G  14% /mnt/data

              total        used        free      shared  buff/cache   available
Mem:          31982        4869       25545           8        1566       26885
Swap:          1023           0        1023

--------------------------------------------------------------------------------
Sat Sep 19 12:09:16 CDT 2020

/dev/xvda4                                                 95G   13G   78G  14% /mnt/data

              total        used        free      shared  buff/cache   available
Mem:          31982        4264       25992           8        1725       27489
Swap:          1023           0        1023

--------------------------------------------------------------------------------
Sat Sep 19 12:09:24 CDT 2020

/dev/xvda4                                                 95G   13G   78G  14% /mnt/data

              total        used        free      shared  buff/cache   available
Mem:          31982        4590       25526           8        1865       27163
Swap:          1023           0        1023

--------------------------------------------------------------------------------
Sat Sep 19 12:09:31 CDT 2020

/dev/xvda4                                                 95G   13G   78G  14% /mnt/data

              total        used        free      shared  buff/cache   available
Mem:          31982        4671       25296           8        2014       27082
Swap:          1023           0        1023

--------------------------------------------------------------------------------
Sat Sep 19 12:09:39 CDT 2020

/dev/xvda4                                                 95G   13G   78G  14% /mnt/data

              total        used        free      shared  buff/cache   available
Mem:          31982        4944       24801           8        2236       26809
Swap:          1023           0        1023

--------------------------------------------------------------------------------
Sat Sep 19 12:09:46 CDT 2020

/dev/xvda4                                                 95G   13G   78G  14% /mnt/data

              total        used        free      shared  buff/cache   available
Mem:          31982        4958       24618           8        2404       26794
Swap:          1023           0        1023

--------------------------------------------------------------------------------
Sat Sep 19 12:09:54 CDT 2020

/dev/xvda4                                                 95G   13G   78G  14% /mnt/data

              total        used        free      shared  buff/cache   available
Mem:          31982        5330       24013           8        2638       26422
Swap:          1023           0        1023

--------------------------------------------------------------------------------
Sat Sep 19 12:10:01 CDT 2020

/dev/xvda4                                                 95G   13G   78G  14% /mnt/data

              total        used        free      shared  buff/cache   available
Mem:          31982        5358       23793           8        2829       26394
Swap:          1023           0        1023

--------------------------------------------------------------------------------
Sat Sep 19 12:10:10 CDT 2020

/dev/xvda4                                                 95G   13G   78G  14% /mnt/data

              total        used        free      shared  buff/cache   available
Mem:          31982        5786       23137           8        3058       25966
Swap:          1023           0        1023

--------------------------------------------------------------------------------
Sat Sep 19 12:10:17 CDT 2020

/dev/xvda4                                                 95G   13G   78G  14% /mnt/data

              total        used        free      shared  buff/cache   available
Mem:          31982        5796       22936           8        3248       25955
Swap:          1023           0        1023

--------------------------------------------------------------------------------
Sat Sep 19 12:10:25 CDT 2020

/dev/xvda4                                                 95G   13G   78G  14% /mnt/data

              total        used        free      shared  buff/cache   available
Mem:          31982        5798       22691           8        3491       25952
Swap:          1023           0        1023

--------------------------------------------------------------------------------
Sat Sep 19 12:10:32 CDT 2020

/dev/xvda4                                                 95G   13G   78G  14% /mnt/data

              total        used        free      shared  buff/cache   available
Mem:          31982        5789       22522           8        3670       25962
Swap:          1023           0        1023

--------------------------------------------------------------------------------
Sat Sep 19 12:10:40 CDT 2020

/dev/xvda4                                                 95G   13G   78G  14% /mnt/data

              total        used        free      shared  buff/cache   available
Mem:          31982        5802       22248           8        3931       25949
Swap:          1023           0        1023

--------------------------------------------------------------------------------
Sat Sep 19 12:10:47 CDT 2020

/dev/xvda4                                                 95G   13G   78G  14% /mnt/data

              total        used        free      shared  buff/cache   available
Mem:          31982        5799       22061           8        4120       25951
Swap:          1023           0        1023

--------------------------------------------------------------------------------
Sat Sep 19 12:10:56 CDT 2020

/dev/xvda4                                                 95G   13G   78G  14% /mnt/data

              total        used        free      shared  buff/cache   available
Mem:          31982        5805       21801           8        4375       25944
Swap:          1023           0        1023

--------------------------------------------------------------------------------
Sat Sep 19 12:11:03 CDT 2020

/dev/xvda4                                                 95G   13G   78G  14% /mnt/data

              total        used        free      shared  buff/cache   available
Mem:          31982        5796       21621           8        4563       25954
Swap:          1023           0        1023

--------------------------------------------------------------------------------
Sat Sep 19 12:11:11 CDT 2020

/dev/xvda4                                                 95G   13G   78G  14% /mnt/data

              total        used        free      shared  buff/cache   available
Mem:          31982        5807       21353           8        4821       25942
Swap:          1023           0        1023

--------------------------------------------------------------------------------
Sat Sep 19 12:11:18 CDT 2020

/dev/xvda4                                                 95G   13G   78G  14% /mnt/data

              total        used        free      shared  buff/cache   available
Mem:          31982        5801       21157           8        5022       25948
Swap:          1023           0        1023

--------------------------------------------------------------------------------
Sat Sep 19 12:11:26 CDT 2020

/dev/xvda4                                                 95G   13G   78G  14% /mnt/data

              total        used        free      shared  buff/cache   available
Mem:          31982        5804       20928           8        5248       25944
Swap:          1023           0        1023

--------------------------------------------------------------------------------
Sat Sep 19 12:11:33 CDT 2020

/dev/xvda4                                                 95G   13G   78G  14% /mnt/data

              total        used        free      shared  buff/cache   available
Mem:          31982        5802       20758           8        5421       25947
Swap:          1023           0        1023

--------------------------------------------------------------------------------
Sat Sep 19 12:11:41 CDT 2020

/dev/xvda4                                                 95G   13G   78G  14% /mnt/data

              total        used        free      shared  buff/cache   available
Mem:          31982        5803       20548           8        5630       25946
Swap:          1023           0        1023

--------------------------------------------------------------------------------
Sat Sep 19 12:11:48 CDT 2020

/dev/xvda4                                                 95G   13G   78G  14% /mnt/data

              total        used        free      shared  buff/cache   available
Mem:          31982        5936       20285           8        5760       25812
Swap:          1023           0        1023

--------------------------------------------------------------------------------
Sat Sep 19 12:11:57 CDT 2020

/dev/xvda4                                                 95G   13G   78G  14% /mnt/data

              total        used        free      shared  buff/cache   available
Mem:          31982        6463       19670           8        5847       25285
Swap:          1023           0        1023

--------------------------------------------------------------------------------
Sat Sep 19 12:12:04 CDT 2020

/dev/xvda4                                                 95G   13G   78G  14% /mnt/data

              total        used        free      shared  buff/cache   available
Mem:          31982        7343       18740           8        5898       24405
Swap:          1023           0        1023

--------------------------------------------------------------------------------
Sat Sep 19 12:12:12 CDT 2020

/dev/xvda4                                                 95G   13G   78G  14% /mnt/data

              total        used        free      shared  buff/cache   available
Mem:          31982        8508       17506           8        5967       23239
Swap:          1023           0        1023

--------------------------------------------------------------------------------
Sat Sep 19 12:12:19 CDT 2020

/dev/xvda4                                                 95G   13G   78G  14% /mnt/data

              total        used        free      shared  buff/cache   available
Mem:          31982        8977       16933           8        6070       22770
Swap:          1023           0        1023

--------------------------------------------------------------------------------
Sat Sep 19 12:12:27 CDT 2020

/dev/xvda4                                                 95G   13G   78G  14% /mnt/data

              total        used        free      shared  buff/cache   available
Mem:          31982        9294       16492           8        6195       22452
Swap:          1023           0        1023

--------------------------------------------------------------------------------
Sat Sep 19 12:12:34 CDT 2020

/dev/xvda4                                                 95G   13G   78G  15% /mnt/data

              total        used        free      shared  buff/cache   available
Mem:          31982        8645       17028           8        6308       23099
Swap:          1023           0        1023

--------------------------------------------------------------------------------
Sat Sep 19 12:12:43 CDT 2020

/dev/xvda4                                                 95G   13G   77G  15% /mnt/data

              total        used        free      shared  buff/cache   available
Mem:          31982        7814       17750           8        6417       23928
Swap:          1023           0        1023

--------------------------------------------------------------------------------
Sat Sep 19 12:12:50 CDT 2020

/dev/xvda4                                                 95G   13G   77G  15% /mnt/data

              total        used        free      shared  buff/cache   available
Mem:          31982        7510       18022           8        6448       24231
Swap:          1023           0        1023

--------------------------------------------------------------------------------
Sat Sep 19 12:12:58 CDT 2020

/dev/xvda4                                                 95G   13G   77G  15% /mnt/data

              total        used        free      shared  buff/cache   available
Mem:          31982        6566       18952           8        6463       25176
Swap:          1023           0        1023

--------------------------------------------------------------------------------
Sat Sep 19 12:13:05 CDT 2020

/dev/xvda4                                                 95G   13G   77G  15% /mnt/data

              total        used        free      shared  buff/cache   available
Mem:          31982        6486       19053           8        6442       25257
Swap:          1023           0        1023

--------------------------------------------------------------------------------
Sat Sep 19 12:13:13 CDT 2020

/dev/xvda4                                                 95G   13G   77G  15% /mnt/data

              total        used        free      shared  buff/cache   available
Mem:          31982        6557       18950           8        6473       25185
Swap:          1023           0        1023

--------------------------------------------------------------------------------
Sat Sep 19 12:13:20 CDT 2020

/dev/xvda4                                                 95G   13G   77G  15% /mnt/data

              total        used        free      shared  buff/cache   available
Mem:          31982        7169       18356           8        6456       24574
Swap:          1023           0        1023

--------------------------------------------------------------------------------
Sat Sep 19 12:13:28 CDT 2020

/dev/xvda4                                                 95G   13G   77G  15% /mnt/data

              total        used        free      shared  buff/cache   available
Mem:          31982        7634       17842           8        6505       24108
Swap:          1023           0        1023

--------------------------------------------------------------------------------
Sat Sep 19 12:13:35 CDT 2020

/dev/xvda4                                                 95G   13G   77G  15% /mnt/data

              total        used        free      shared  buff/cache   available
Mem:          31982        7919       17435           8        6626       23822
Swap:          1023           0        1023

--------------------------------------------------------------------------------
Sat Sep 19 12:13:44 CDT 2020

/dev/xvda4                                                 95G   13G   77G  15% /mnt/data

              total        used        free      shared  buff/cache   available
Mem:          31982        8363       16884           8        6733       23377
Swap:          1023           0        1023

--------------------------------------------------------------------------------
Sat Sep 19 12:13:51 CDT 2020

/dev/xvda4                                                 95G   13G   77G  15% /mnt/data

              total        used        free      shared  buff/cache   available
Mem:          31982        9098       16078           8        6804       22641
Swap:          1023           0        1023

--------------------------------------------------------------------------------
Sat Sep 19 12:13:59 CDT 2020

/dev/xvda4                                                 95G   13G   77G  15% /mnt/data

              total        used        free      shared  buff/cache   available
Mem:          31982        9204       15864           8        6913       22534
Swap:          1023           0        1023

--------------------------------------------------------------------------------
Sat Sep 19 12:14:06 CDT 2020

/dev/xvda4                                                 95G   13G   77G  15% /mnt/data

              total        used        free      shared  buff/cache   available
Mem:          31982        8410       16568           8        7002       23327
Swap:          1023           0        1023

--------------------------------------------------------------------------------
Sat Sep 19 12:14:14 CDT 2020

/dev/xvda4                                                 95G   14G   77G  15% /mnt/data

              total        used        free      shared  buff/cache   available
Mem:          31982        8207       16672           8        7101       23529
Swap:          1023           0        1023

--------------------------------------------------------------------------------
Sat Sep 19 12:14:21 CDT 2020

/dev/xvda4                                                 95G   14G   77G  15% /mnt/data

              total        used        free      shared  buff/cache   available
Mem:          31982        7052       17799           8        7130       24685
Swap:          1023           0        1023

--------------------------------------------------------------------------------
Sat Sep 19 12:14:30 CDT 2020

/dev/xvda4                                                 95G   14G   77G  15% /mnt/data

              total        used        free      shared  buff/cache   available
Mem:          31982        7208       17606           8        7167       24529
Swap:          1023           0        1023

--------------------------------------------------------------------------------
Sat Sep 19 12:14:37 CDT 2020

/dev/xvda4                                                 95G   14G   77G  15% /mnt/data

              total        used        free      shared  buff/cache   available
Mem:          31982        6476       18348           8        7157       25262
Swap:          1023           0        1023

--------------------------------------------------------------------------------
Sat Sep 19 12:14:45 CDT 2020

/dev/xvda4                                                 95G   13G   77G  15% /mnt/data

              total        used        free      shared  buff/cache   available
Mem:          31982        6778       18040           8        7162       24959
Swap:          1023           0        1023

--------------------------------------------------------------------------------
Sat Sep 19 12:14:52 CDT 2020

/dev/xvda4                                                 95G   13G   77G  15% /mnt/data

              total        used        free      shared  buff/cache   available
Mem:          31982        7216       17630           8        7134       24522
Swap:          1023           0        1023

--------------------------------------------------------------------------------
Sat Sep 19 12:15:00 CDT 2020

/dev/xvda4                                                 95G   13G   77G  15% /mnt/data

              total        used        free      shared  buff/cache   available
Mem:          31982        7165       17557           8        7259       24571
Swap:          1023           0        1023

--------------------------------------------------------------------------------
Sat Sep 19 12:15:07 CDT 2020

/dev/xvda4                                                 95G   14G   77G  15% /mnt/data

              total        used        free      shared  buff/cache   available
Mem:          31982        7805       16776           8        7399       23931
Swap:          1023           0        1023

--------------------------------------------------------------------------------
Sat Sep 19 12:15:15 CDT 2020

/dev/xvda4                                                 95G   14G   77G  15% /mnt/data

              total        used        free      shared  buff/cache   available
Mem:          31982        8807       15636           8        7538       22929
Swap:          1023           0        1023

--------------------------------------------------------------------------------
Sat Sep 19 12:15:22 CDT 2020

/dev/xvda4                                                 95G   14G   77G  15% /mnt/data

              total        used        free      shared  buff/cache   available
Mem:          31982        9157       15164           8        7660       22580
Swap:          1023           0        1023

--------------------------------------------------------------------------------
Sat Sep 19 12:15:31 CDT 2020

/dev/xvda4                                                 95G   14G   77G  15% /mnt/data

              total        used        free      shared  buff/cache   available
Mem:          31982        8741       15467           8        7773       22995
Swap:          1023           0        1023

--------------------------------------------------------------------------------
Sat Sep 19 12:15:38 CDT 2020

/dev/xvda4                                                 95G   14G   77G  15% /mnt/data

              total        used        free      shared  buff/cache   available
Mem:          31982        8981       15122           8        7878       22756
Swap:          1023           0        1023

--------------------------------------------------------------------------------
Sat Sep 19 12:15:46 CDT 2020

/dev/xvda4                                                 95G   14G   77G  15% /mnt/data

              total        used        free      shared  buff/cache   available
Mem:          31982        6732       17259           8        7990       25004
Swap:          1023           0        1023

--------------------------------------------------------------------------------
Sat Sep 19 12:15:53 CDT 2020

/dev/xvda4                                                 95G   14G   77G  16% /mnt/data

              total        used        free      shared  buff/cache   available
Mem:          31982        6125       17824           8        8032       25612
Swap:          1023           0        1023

--------------------------------------------------------------------------------
Sat Sep 19 12:16:01 CDT 2020

/dev/xvda4                                                 95G   14G   77G  15% /mnt/data

              total        used        free      shared  buff/cache   available
Mem:          31982        6222       17798           8        7961       25516
Swap:          1023           0        1023

--------------------------------------------------------------------------------
Sat Sep 19 12:16:08 CDT 2020

/dev/xvda4                                                 95G   14G   77G  15% /mnt/data

              total        used        free      shared  buff/cache   available
Mem:          31982        6516       17591           8        7873       25222
Swap:          1023           0        1023

--------------------------------------------------------------------------------
Sat Sep 19 12:16:17 CDT 2020

/dev/xvda4                                                 95G   14G   77G  15% /mnt/data

              total        used        free      shared  buff/cache   available
Mem:          31982        6325       17673           8        7983       25413
Swap:          1023           0        1023

--------------------------------------------------------------------------------
Sat Sep 19 12:16:24 CDT 2020

/dev/xvda4                                                 95G   14G   77G  15% /mnt/data

              total        used        free      shared  buff/cache   available
Mem:          31982        6738       17124           8        8119       24999
Swap:          1023           0        1023

--------------------------------------------------------------------------------
Sat Sep 19 12:16:32 CDT 2020

/dev/xvda4                                                 95G   14G   77G  15% /mnt/data

              total        used        free      shared  buff/cache   available
Mem:          31982        7751       15997           8        8233       23985
Swap:          1023           0        1023

--------------------------------------------------------------------------------
Sat Sep 19 12:16:39 CDT 2020

/dev/xvda4                                                 95G   14G   77G  15% /mnt/data

              total        used        free      shared  buff/cache   available
Mem:          31982        8330       15312           8        8339       23407
Swap:          1023           0        1023

--------------------------------------------------------------------------------
Sat Sep 19 12:16:47 CDT 2020

/dev/xvda4                                                 95G   14G   77G  16% /mnt/data

              total        used        free      shared  buff/cache   available
Mem:          31982        8225       15301           8        8454       23512
Swap:          1023           0        1023

--------------------------------------------------------------------------------
Sat Sep 19 12:16:54 CDT 2020

/dev/xvda4                                                 95G   14G   76G  16% /mnt/data

              total        used        free      shared  buff/cache   available
Mem:          31982        8409       15022           8        8550       23327
Swap:          1023           0        1023

--------------------------------------------------------------------------------
Sat Sep 19 12:17:02 CDT 2020

/dev/xvda4                                                 95G   14G   76G  16% /mnt/data

              total        used        free      shared  buff/cache   available
Mem:          31982        7386       15936           8        8658       24350
Swap:          1023           0        1023

--------------------------------------------------------------------------------
Sat Sep 19 12:17:10 CDT 2020

/dev/xvda4                                                 95G   14G   76G  16% /mnt/data

              total        used        free      shared  buff/cache   available
Mem:          31982        6233       17067           8        8682       25505
Swap:          1023           0        1023

--------------------------------------------------------------------------------
Sat Sep 19 12:17:18 CDT 2020

/dev/xvda4                                                 95G   14G   76G  16% /mnt/data

              total        used        free      shared  buff/cache   available
Mem:          31982        6203       17113           8        8665       25535
Swap:          1023           0        1023

--------------------------------------------------------------------------------
Sat Sep 19 12:17:25 CDT 2020

/dev/xvda4                                                 95G   14G   76G  16% /mnt/data

              total        used        free      shared  buff/cache   available
Mem:          31982        5987       17332           8        8662       25751
Swap:          1023           0        1023

--------------------------------------------------------------------------------
Sat Sep 19 12:17:33 CDT 2020

/dev/xvda4                                                 95G   14G   76G  16% /mnt/data

              total        used        free      shared  buff/cache   available
Mem:          31982        6125       17186           8        8669       25612
Swap:          1023           0        1023

--------------------------------------------------------------------------------
Sat Sep 19 12:17:40 CDT 2020

/dev/xvda4                                                 95G   14G   76G  16% /mnt/data

              total        used        free      shared  buff/cache   available
Mem:          31982        6820       16421           8        8740       24916
Swap:          1023           0        1023

--------------------------------------------------------------------------------
Sat Sep 19 12:17:48 CDT 2020

/dev/xvda4                                                 95G   14G   76G  16% /mnt/data

              total        used        free      shared  buff/cache   available
Mem:          31982        7645       15525           8        8811       24092
Swap:          1023           0        1023

--------------------------------------------------------------------------------
Sat Sep 19 12:17:55 CDT 2020

/dev/xvda4                                                 95G   14G   76G  16% /mnt/data

              total        used        free      shared  buff/cache   available
Mem:          31982        8277       14791           8        8912       23460
Swap:          1023           0        1023

--------------------------------------------------------------------------------
Sat Sep 19 12:18:03 CDT 2020

/dev/xvda4                                                 95G   14G   76G  16% /mnt/data

              total        used        free      shared  buff/cache   available
Mem:          31982        8338       14593           8        9050       23399
Swap:          1023           0        1023

--------------------------------------------------------------------------------
Sat Sep 19 12:18:11 CDT 2020

/dev/xvda4                                                 95G   14G   76G  16% /mnt/data

              total        used        free      shared  buff/cache   available
Mem:          31982        7787       15026           8        9168       23950
Swap:          1023           0        1023

--------------------------------------------------------------------------------
Sat Sep 19 12:18:19 CDT 2020

/dev/xvda4                                                 95G   15G   76G  16% /mnt/data

              total        used        free      shared  buff/cache   available
Mem:          31982        6509       16221           8        9250       25227
Swap:          1023           0        1023

--------------------------------------------------------------------------------
Sat Sep 19 12:18:26 CDT 2020

/dev/xvda4                                                 95G   14G   76G  16% /mnt/data

              total        used        free      shared  buff/cache   available
Mem:          31982        5558       17201           8        9222       26179
Swap:          1023           0        1023

--------------------------------------------------------------------------------
Sat Sep 19 12:18:34 CDT 2020

/dev/xvda4                                                 95G   14G   76G  16% /mnt/data

              total        used        free      shared  buff/cache   available
Mem:          31982        5535       17315           8        9131       26203
Swap:          1023           0        1023

--------------------------------------------------------------------------------
Sat Sep 19 12:18:41 CDT 2020

/dev/xvda4                                                 95G   14G   76G  16% /mnt/data

              total        used        free      shared  buff/cache   available
Mem:          31982        5589       17230           8        9162       26148
Swap:          1023           0        1023

--------------------------------------------------------------------------------
Sat Sep 19 12:18:49 CDT 2020

/dev/xvda4                                                 95G   14G   76G  16% /mnt/data

              total        used        free      shared  buff/cache   available
Mem:          31982        6144       16640           8        9197       25592
Swap:          1023           0        1023

--------------------------------------------------------------------------------
Sat Sep 19 12:18:57 CDT 2020

/dev/xvda4                                                 95G   14G   76G  16% /mnt/data

              total        used        free      shared  buff/cache   available
Mem:          31982        6777       15910           8        9294       24960
Swap:          1023           0        1023

--------------------------------------------------------------------------------
Sat Sep 19 12:19:05 CDT 2020

/dev/xvda4                                                 95G   14G   76G  16% /mnt/data

              total        used        free      shared  buff/cache   available
Mem:          31982        7431       15142           8        9408       24305
Swap:          1023           0        1023

--------------------------------------------------------------------------------
Sat Sep 19 12:19:12 CDT 2020

/dev/xvda4                                                 95G   15G   76G  16% /mnt/data

              total        used        free      shared  buff/cache   available
Mem:          31982        7468       14984           8        9529       24268
Swap:          1023           0        1023

--------------------------------------------------------------------------------
Sat Sep 19 12:19:20 CDT 2020

/dev/xvda4                                                 95G   15G   76G  16% /mnt/data

              total        used        free      shared  buff/cache   available
Mem:          31982        7762       14583           8        9636       23974
Swap:          1023           0        1023

--------------------------------------------------------------------------------
Sat Sep 19 12:19:27 CDT 2020

/dev/xvda4                                                 95G   15G   76G  16% /mnt/data

              total        used        free      shared  buff/cache   available
Mem:          31982        7205       15061           8        9715       24531
Swap:          1023           0        1023

--------------------------------------------------------------------------------
Sat Sep 19 12:19:35 CDT 2020

/dev/xvda4                                                 95G   15G   76G  16% /mnt/data

              total        used        free      shared  buff/cache   available
Mem:          31982        6266       15950           8        9765       25471
Swap:          1023           0        1023

--------------------------------------------------------------------------------
Sat Sep 19 12:19:42 CDT 2020

/dev/xvda4                                                 95G   15G   76G  16% /mnt/data

              total        used        free      shared  buff/cache   available
Mem:          31982        5724       16468           8        9789       26014
Swap:          1023           0        1023

--------------------------------------------------------------------------------
Sat Sep 19 12:19:50 CDT 2020

/dev/xvda4                                                 95G   15G   76G  16% /mnt/data

              total        used        free      shared  buff/cache   available
Mem:          31982        5913       16294           8        9774       25824
Swap:          1023           0        1023

--------------------------------------------------------------------------------
Sat Sep 19 12:19:58 CDT 2020

/dev/xvda4                                                 95G   15G   76G  16% /mnt/data

              total        used        free      shared  buff/cache   available
Mem:          31982        5608       16624           8        9749       26130
Swap:          1023           0        1023

--------------------------------------------------------------------------------
Sat Sep 19 12:20:06 CDT 2020

/dev/xvda4                                                 95G   15G   76G  16% /mnt/data

              total        used        free      shared  buff/cache   available
Mem:          31982        5369       16812           8        9800       26368
Swap:          1023           0        1023

--------------------------------------------------------------------------------
Sat Sep 19 12:20:13 CDT 2020

/dev/xvda4                                                 95G   15G   76G  16% /mnt/data

              total        used        free      shared  buff/cache   available
Mem:          31982        6201       15941           8        9839       25536
Swap:          1023           0        1023

--------------------------------------------------------------------------------
Sat Sep 19 12:20:21 CDT 2020

/dev/xvda4                                                 95G   15G   76G  16% /mnt/data

              total        used        free      shared  buff/cache   available
Mem:          31982        6747       15364           8        9870       24990
Swap:          1023           0        1023

--------------------------------------------------------------------------------
Sat Sep 19 12:20:28 CDT 2020

/dev/xvda4                                                 95G   15G   76G  17% /mnt/data

              total        used        free      shared  buff/cache   available
Mem:          31982        7210       14801           8        9969       24528
Swap:          1023           0        1023

--------------------------------------------------------------------------------
Sat Sep 19 12:20:36 CDT 2020

/dev/xvda4                                                 95G   15G   76G  17% /mnt/data

              total        used        free      shared  buff/cache   available
Mem:          31982        7722       14184           8       10075       24014
Swap:          1023           0        1023

--------------------------------------------------------------------------------
Sat Sep 19 12:20:44 CDT 2020

/dev/xvda4                                                 95G   15G   76G  17% /mnt/data

              total        used        free      shared  buff/cache   available
Mem:          31982        6802       14966           8       10213       24935
Swap:          1023           0        1023

--------------------------------------------------------------------------------
Sat Sep 19 12:20:51 CDT 2020

/dev/xvda4                                                 95G   15G   75G  17% /mnt/data

              total        used        free      shared  buff/cache   available
Mem:          31982        6602       15110           8       10268       25134
Swap:          1023           0        1023

--------------------------------------------------------------------------------
Sat Sep 19 12:20:59 CDT 2020

/dev/xvda4                                                 95G   15G   75G  17% /mnt/data

              total        used        free      shared  buff/cache   available
Mem:          31982        6417       15295           8       10269       25321
Swap:          1023           0        1023

--------------------------------------------------------------------------------
Sat Sep 19 12:21:07 CDT 2020

/dev/xvda4                                                 95G   15G   75G  17% /mnt/data

              total        used        free      shared  buff/cache   available
Mem:          31982        5844       15792           8       10344       25893
Swap:          1023           0        1023

--------------------------------------------------------------------------------
Sat Sep 19 12:21:14 CDT 2020

/dev/xvda4                                                 95G   15G   75G  17% /mnt/data

              total        used        free      shared  buff/cache   available
Mem:          31982        6633       14969           8       10378       25104
Swap:          1023           0        1023

--------------------------------------------------------------------------------
Sat Sep 19 12:21:22 CDT 2020

/dev/xvda4                                                 95G   15G   75G  17% /mnt/data

              total        used        free      shared  buff/cache   available
Mem:          31982        7305       14219           8       10456       24432
Swap:          1023           0        1023

--------------------------------------------------------------------------------
Sat Sep 19 12:21:29 CDT 2020

/dev/xvda4                                                 95G   15G   75G  17% /mnt/data

              total        used        free      shared  buff/cache   available
Mem:          31982        6402       15021           8       10558       25336
Swap:          1023           0        1023

--------------------------------------------------------------------------------
Sat Sep 19 12:21:38 CDT 2020

/dev/xvda4                                                 95G   15G   75G  17% /mnt/data

              total        used        free      shared  buff/cache   available
Mem:          31982        6713       14650           8       10618       25024
Swap:          1023           0        1023

--------------------------------------------------------------------------------
Sat Sep 19 12:21:53 CDT 2020

/dev/xvda4                                                 95G   15G   75G  17% /mnt/data

              total        used        free      shared  buff/cache   available
Mem:          31982        5757       15514           8       10710       25981
Swap:          1023           0        1023

--------------------------------------------------------------------------------
Sat Sep 19 12:22:08 CDT 2020

/dev/xvda4                                                 95G   15G   75G  17% /mnt/data

              total        used        free      shared  buff/cache   available
Mem:          31982        5576       15638           8       10766       26161
Swap:          1023           0        1023

--------------------------------------------------------------------------------
Sat Sep 19 12:22:23 CDT 2020

/dev/xvda4                                                 95G   15G   75G  17% /mnt/data

              total        used        free      shared  buff/cache   available
Mem:          31982        4926       16359           8       10696       26812
Swap:          1023           0        1023

--------------------------------------------------------------------------------
Sat Sep 19 12:22:39 CDT 2020

/dev/xvda4                                                 95G   15G   75G  17% /mnt/data

              total        used        free      shared  buff/cache   available
Mem:          31982        4645       16640           8       10696       27093
Swap:          1023           0        1023

--------------------------------------------------------------------------------
Sat Sep 19 12:22:54 CDT 2020

/dev/xvda4                                                 95G   15G   75G  17% /mnt/data

              total        used        free      shared  buff/cache   available
Mem:          31982        7844       13388           8       10749       23892
Swap:          1023           0        1023

--------------------------------------------------------------------------------
Sat Sep 19 12:23:09 CDT 2020

/dev/xvda4                                                 95G   16G   75G  17% /mnt/data

              total        used        free      shared  buff/cache   available
Mem:          31982        7845       13120           8       11015       23891
Swap:          1023           0        1023

--------------------------------------------------------------------------------
Sat Sep 19 12:23:25 CDT 2020

/dev/xvda4                                                 95G   16G   75G  17% /mnt/data

              total        used        free      shared  buff/cache   available
Mem:          31982        5397       15580           8       11004       26341
Swap:          1023           0        1023

--------------------------------------------------------------------------------
Sat Sep 19 12:23:40 CDT 2020

/dev/xvda4                                                 95G   15G   75G  17% /mnt/data

              total        used        free      shared  buff/cache   available
Mem:          31982        4860       16210           8       10911       26878
Swap:          1023           0        1023

--------------------------------------------------------------------------------
Sat Sep 19 12:23:55 CDT 2020

/dev/xvda4                                                 95G   16G   75G  17% /mnt/data

              total        used        free      shared  buff/cache   available
Mem:          31982        7926       13046           8       11009       23811
Swap:          1023           0        1023

--------------------------------------------------------------------------------
Sat Sep 19 12:24:10 CDT 2020

/dev/xvda4                                                 95G   16G   75G  18% /mnt/data

              total        used        free      shared  buff/cache   available
Mem:          31982        7925       12779           8       11276       23811
Swap:          1023           0        1023

--------------------------------------------------------------------------------
Sat Sep 19 12:24:26 CDT 2020

/dev/xvda4                                                 95G   16G   75G  17% /mnt/data

              total        used        free      shared  buff/cache   available
Mem:          31982        5781       15063           8       11137       25957
Swap:          1023           0        1023

--------------------------------------------------------------------------------
Sat Sep 19 12:24:41 CDT 2020

/dev/xvda4                                                 95G   16G   75G  17% /mnt/data

              total        used        free      shared  buff/cache   available
Mem:          31982        6101       14756           8       11124       25635
Swap:          1023           0        1023

--------------------------------------------------------------------------------
Sat Sep 19 12:24:56 CDT 2020

/dev/xvda4                                                 95G   16G   75G  18% /mnt/data

              total        used        free      shared  buff/cache   available
Mem:          31982        7930       12776           8       11275       23807
Swap:          1023           0        1023

--------------------------------------------------------------------------------
Sat Sep 19 12:25:11 CDT 2020

/dev/xvda4                                                 95G   16G   74G  18% /mnt/data

              total        used        free      shared  buff/cache   available
Mem:          31982        7930       12512           8       11539       23806
Swap:          1023           0        1023

--------------------------------------------------------------------------------
Sat Sep 19 12:25:27 CDT 2020

/dev/xvda4                                                 95G   16G   75G  18% /mnt/data

              total        used        free      shared  buff/cache   available
Mem:          31982        6039       14680           8       11263       25699
Swap:          1023           0        1023

--------------------------------------------------------------------------------
Sat Sep 19 12:25:42 CDT 2020

/dev/xvda4                                                 95G   16G   75G  18% /mnt/data

              total        used        free      shared  buff/cache   available
Mem:          31982        6740       13904           8       11336       24996
Swap:          1023           0        1023

--------------------------------------------------------------------------------
Sat Sep 19 12:25:57 CDT 2020

/dev/xvda4                                                 95G   16G   74G  18% /mnt/data

              total        used        free      shared  buff/cache   available
Mem:          31982        7924       12524           8       11533       23813
Swap:          1023           0        1023

--------------------------------------------------------------------------------
Sat Sep 19 12:26:13 CDT 2020

/dev/xvda4                                                 95G   16G   74G  18% /mnt/data

              total        used        free      shared  buff/cache   available
Mem:          31982        5144       15066           8       11770       26593
Swap:          1023           0        1023

--------------------------------------------------------------------------------
Sat Sep 19 12:26:28 CDT 2020

/dev/xvda4                                                 95G   16G   75G  18% /mnt/data

              total        used        free      shared  buff/cache   available
Mem:          31982        6253       14337           8       11391       25484
Swap:          1023           0        1023

--------------------------------------------------------------------------------
Sat Sep 19 12:26:43 CDT 2020

/dev/xvda4                                                 95G   16G   74G  18% /mnt/data

              total        used        free      shared  buff/cache   available
Mem:          31982        6113       14209           8       11659       25623
Swap:          1023           0        1023

--------------------------------------------------------------------------------
Sat Sep 19 12:26:58 CDT 2020

/dev/xvda4                                                 95G   16G   74G  18% /mnt/data

              total        used        free      shared  buff/cache   available
Mem:          31982        7710       12449           8       11821       24026
Swap:          1023           0        1023

--------------------------------------------------------------------------------
Sat Sep 19 12:27:14 CDT 2020

/dev/xvda4                                                 95G   16G   74G  18% /mnt/data

              total        used        free      shared  buff/cache   available
Mem:          31982        8088       11847           8       12045       23648
Swap:          1023           0        1023

--------------------------------------------------------------------------------
Sat Sep 19 12:27:29 CDT 2020

/dev/xvda4                                                 95G   17G   74G  18% /mnt/data

              total        used        free      shared  buff/cache   available
Mem:          31982        5761       14015           8       12205       25975
Swap:          1023           0        1023

--------------------------------------------------------------------------------
Sat Sep 19 12:27:44 CDT 2020

/dev/xvda4                                                 95G   17G   74G  18% /mnt/data

              total        used        free      shared  buff/cache   available
Mem:          31982        5055       14690           8       12235       26681
Swap:          1023           0        1023

--------------------------------------------------------------------------------
Sat Sep 19 12:28:00 CDT 2020

/dev/xvda4                                                 95G   16G   74G  18% /mnt/data

              total        used        free      shared  buff/cache   available
Mem:          31982        5866       13875           8       12239       25871
Swap:          1023           0        1023

--------------------------------------------------------------------------------
Sat Sep 19 12:28:15 CDT 2020

/dev/xvda4                                                 95G   17G   74G  18% /mnt/data

              total        used        free      shared  buff/cache   available
Mem:          31982        6771       12831           8       12378       24964
Swap:          1023           0        1023

--------------------------------------------------------------------------------
Sat Sep 19 12:28:30 CDT 2020

/dev/xvda4                                                 95G   17G   74G  19% /mnt/data

              total        used        free      shared  buff/cache   available
Mem:          31982        8102       11318           8       12561       23634
Swap:          1023           0        1023

--------------------------------------------------------------------------------
Sat Sep 19 12:28:45 CDT 2020

/dev/xvda4                                                 95G   17G   74G  19% /mnt/data

              total        used        free      shared  buff/cache   available
Mem:          31982        6837       12363           8       12781       24899
Swap:          1023           0        1023

--------------------------------------------------------------------------------
Sat Sep 19 12:29:01 CDT 2020

/dev/xvda4                                                 95G   17G   74G  19% /mnt/data

              total        used        free      shared  buff/cache   available
Mem:          31982        5371       13808           8       12802       26367
Swap:          1023           0        1023

--------------------------------------------------------------------------------
Sat Sep 19 12:29:16 CDT 2020

/dev/xvda4                                                 95G   17G   74G  19% /mnt/data

              total        used        free      shared  buff/cache   available
Mem:          31982        5756       13488           8       12737       25981
Swap:          1023           0        1023

--------------------------------------------------------------------------------
Sat Sep 19 12:29:31 CDT 2020

/dev/xvda4                                                 95G   17G   74G  19% /mnt/data

              total        used        free      shared  buff/cache   available
Mem:          31982        7097       12052           8       12831       24638
Swap:          1023           0        1023

--------------------------------------------------------------------------------
Sat Sep 19 12:29:47 CDT 2020

/dev/xvda4                                                 95G   17G   74G  19% /mnt/data

              total        used        free      shared  buff/cache   available
Mem:          31982        8148       10809           8       13023       23587
Swap:          1023           0        1023

--------------------------------------------------------------------------------
Sat Sep 19 12:30:02 CDT 2020

/dev/xvda4                                                 95G   17G   73G  19% /mnt/data

              total        used        free      shared  buff/cache   available
Mem:          31982        7040       11702           8       13239       24697
Swap:          1023           0        1023

--------------------------------------------------------------------------------
Sat Sep 19 12:30:17 CDT 2020

/dev/xvda4                                                 95G   17G   74G  19% /mnt/data

              total        used        free      shared  buff/cache   available
Mem:          31982        5585       13186           8       13210       26152
Swap:          1023           0        1023

--------------------------------------------------------------------------------
Sat Sep 19 12:30:36 CDT 2020

/dev/xvda4                                                 95G   17G   74G  19% /mnt/data

              total        used        free      shared  buff/cache   available
Mem:          31982        6656       11909           8       13416       25080
Swap:          1023           0        1023

--------------------------------------------------------------------------------
Sat Sep 19 12:30:51 CDT 2020

/dev/xvda4                                                 95G   17G   73G  19% /mnt/data

              total        used        free      shared  buff/cache   available
Mem:          31982        8217       10154           8       13609       23518
Swap:          1023           0        1023

--------------------------------------------------------------------------------
Sat Sep 19 12:31:06 CDT 2020

/dev/xvda4                                                 95G   17G   73G  19% /mnt/data

              total        used        free      shared  buff/cache   available
Mem:          31982        8740        9395           8       13845       22995
Swap:          1023           0        1023

--------------------------------------------------------------------------------
Sat Sep 19 12:31:21 CDT 2020

/dev/xvda4                                                 95G   17G   73G  19% /mnt/data

              total        used        free      shared  buff/cache   available
Mem:          31982        7568       10399           8       14013       24168
Swap:          1023           0        1023

--------------------------------------------------------------------------------
Sat Sep 19 12:31:37 CDT 2020

/dev/xvda4                                                 95G   17G   73G  19% /mnt/data

              total        used        free      shared  buff/cache   available
Mem:          31982        6243       11769           8       13969       25494
Swap:          1023           0        1023

--------------------------------------------------------------------------------
Sat Sep 19 12:31:52 CDT 2020

/dev/xvda4                                                 95G   17G   73G  19% /mnt/data

              total        used        free      shared  buff/cache   available
Mem:          31982        5728       12315           8       13938       26010
Swap:          1023           0        1023

--------------------------------------------------------------------------------
Sat Sep 19 12:32:07 CDT 2020

/dev/xvda4                                                 95G   17G   73G  19% /mnt/data

              total        used        free      shared  buff/cache   available
Mem:          31982        5791       12277           8       13912       25946
Swap:          1023           0        1023

--------------------------------------------------------------------------------
Sat Sep 19 12:32:23 CDT 2020

/dev/xvda4                                                 95G   17G   73G  19% /mnt/data

              total        used        free      shared  buff/cache   available
Mem:          31982        5633       12425           8       13923       26105
Swap:          1023           0        1023

--------------------------------------------------------------------------------
Sat Sep 19 12:32:38 CDT 2020

/dev/xvda4                                                 95G   17G   73G  19% /mnt/data

              total        used        free      shared  buff/cache   available
Mem:          31982        8780        9199           8       14002       22956
Swap:          1023           0        1023

--------------------------------------------------------------------------------
Sat Sep 19 12:32:53 CDT 2020

/dev/xvda4                                                 95G   18G   73G  20% /mnt/data

              total        used        free      shared  buff/cache   available
Mem:          31982        8780        8932           8       14268       22955
Swap:          1023           0        1023

--------------------------------------------------------------------------------
Sat Sep 19 12:33:08 CDT 2020

/dev/xvda4                                                 95G   18G   73G  20% /mnt/data

              total        used        free      shared  buff/cache   available
Mem:          31982        6542       11256           8       14183       25196
Swap:          1023           0        1023

--------------------------------------------------------------------------------
Sat Sep 19 12:33:24 CDT 2020

/dev/xvda4                                                 95G   18G   73G  20% /mnt/data

              total        used        free      shared  buff/cache   available
Mem:          31982        6522       11322           8       14137       25214
Swap:          1023           0        1023

--------------------------------------------------------------------------------
Sat Sep 19 12:33:39 CDT 2020

/dev/xvda4                                                 95G   18G   73G  20% /mnt/data

              total        used        free      shared  buff/cache   available
Mem:          31982        8823        8891           8       14267       22913
Swap:          1023           0        1023

--------------------------------------------------------------------------------
Sat Sep 19 12:33:54 CDT 2020

/dev/xvda4                                                 95G   18G   73G  20% /mnt/data

              total        used        free      shared  buff/cache   available
Mem:          31982        8823        8627           8       14530       22913
Swap:          1023           0        1023

--------------------------------------------------------------------------------
Sat Sep 19 12:34:10 CDT 2020

/dev/xvda4                                                 95G   18G   73G  20% /mnt/data

              total        used        free      shared  buff/cache   available
Mem:          31982        6851       10823           8       14307       24886
Swap:          1023           0        1023

--------------------------------------------------------------------------------
Sat Sep 19 12:34:25 CDT 2020

/dev/xvda4                                                 95G   18G   73G  20% /mnt/data

              total        used        free      shared  buff/cache   available
Mem:          31982        7724        9907           8       14350       24013
Swap:          1023           0        1023

--------------------------------------------------------------------------------
Sat Sep 19 12:34:40 CDT 2020

/dev/xvda4                                                 95G   18G   73G  20% /mnt/data

              total        used        free      shared  buff/cache   available
Mem:          31982        9100        8348           8       14532       22635
Swap:          1023           0        1023

--------------------------------------------------------------------------------
Sat Sep 19 12:34:55 CDT 2020

/dev/xvda4                                                 95G   18G   72G  20% /mnt/data

              total        used        free      shared  buff/cache   available
Mem:          31982        8086        9112           8       14783       23650
Swap:          1023           0        1023

--------------------------------------------------------------------------------
Sat Sep 19 12:35:11 CDT 2020

/dev/xvda4                                                 95G   18G   73G  20% /mnt/data

              total        used        free      shared  buff/cache   available
Mem:          31982        7373       10175           8       14432       24364
Swap:          1023           0        1023

--------------------------------------------------------------------------------
Sat Sep 19 12:35:26 CDT 2020

/dev/xvda4                                                 95G   18G   73G  20% /mnt/data

              total        used        free      shared  buff/cache   available
Mem:          31982        8411        9006           8       14563       23325
Swap:          1023           0        1023

--------------------------------------------------------------------------------
Sat Sep 19 12:35:41 CDT 2020

/dev/xvda4                                                 95G   18G   72G  20% /mnt/data

              total        used        free      shared  buff/cache   available
Mem:          31982        9106        8083           8       14791       22631
Swap:          1023           0        1023

--------------------------------------------------------------------------------
Sat Sep 19 12:35:57 CDT 2020

/dev/xvda4                                                 95G   18G   72G  21% /mnt/data

              total        used        free      shared  buff/cache   available
Mem:          31982        6187       10771           8       15023       25550
Swap:          1023           0        1023

--------------------------------------------------------------------------------
Sat Sep 19 12:36:12 CDT 2020

/dev/xvda4                                                 95G   18G   73G  20% /mnt/data

              total        used        free      shared  buff/cache   available
Mem:          31982        7665        9743           8       14572       24072
Swap:          1023           0        1023

--------------------------------------------------------------------------------
Sat Sep 19 12:36:27 CDT 2020

/dev/xvda4                                                 95G   18G   72G  20% /mnt/data

              total        used        free      shared  buff/cache   available
Mem:          31982        9111        8075           8       14794       22625
Swap:          1023           0        1023

--------------------------------------------------------------------------------
Sat Sep 19 12:36:42 CDT 2020

/dev/xvda4                                                 95G   18G   72G  21% /mnt/data

              total        used        free      shared  buff/cache   available
Mem:          31982        9112        7809           8       15060       22624
Swap:          1023           0        1023

--------------------------------------------------------------------------------
Sat Sep 19 12:36:58 CDT 2020

/dev/xvda4                                                 95G   19G   72G  21% /mnt/data

              total        used        free      shared  buff/cache   available
Mem:          31982        6334       10459           8       15187       25403
Swap:          1023           0        1023

--------------------------------------------------------------------------------
Sat Sep 19 12:37:13 CDT 2020

/dev/xvda4                                                 95G   18G   72G  20% /mnt/data

              total        used        free      shared  buff/cache   available
Mem:          31982        7806        9314           8       14860       23929
Swap:          1023           0        1023

--------------------------------------------------------------------------------
Sat Sep 19 12:37:28 CDT 2020

/dev/xvda4                                                 95G   18G   72G  21% /mnt/data

              total        used        free      shared  buff/cache   available
Mem:          31982        9168        7777           8       15036       22567
Swap:          1023           0        1023

--------------------------------------------------------------------------------
Sat Sep 19 12:37:44 CDT 2020

/dev/xvda4                                                 95G   19G   72G  21% /mnt/data

              total        used        free      shared  buff/cache   available
Mem:          31982        9168        7511           8       15301       22568
Swap:          1023           0        1023

--------------------------------------------------------------------------------
Sat Sep 19 12:37:59 CDT 2020

/dev/xvda4                                                 95G   19G   72G  21% /mnt/data

              total        used        free      shared  buff/cache   available
Mem:          31982        6692        9969           8       15320       25044
Swap:          1023           0        1023

--------------------------------------------------------------------------------
Sat Sep 19 12:38:14 CDT 2020

/dev/xvda4                                                 95G   19G   72G  21% /mnt/data

              total        used        free      shared  buff/cache   available
Mem:          31982        6989        9793           8       15198       24747
Swap:          1023           0        1023

--------------------------------------------------------------------------------
Sat Sep 19 12:38:30 CDT 2020

/dev/xvda4                                                 95G   19G   72G  21% /mnt/data

              total        used        free      shared  buff/cache   available
Mem:          31982        9182        7502           8       15296       22553
Swap:          1023           0        1023

--------------------------------------------------------------------------------
Sat Sep 19 12:38:45 CDT 2020

/dev/xvda4                                                 95G   19G   72G  21% /mnt/data

              total        used        free      shared  buff/cache   available
Mem:          31982        9183        7234           8       15564       22553
Swap:          1023           0        1023

--------------------------------------------------------------------------------
Sat Sep 19 12:39:00 CDT 2020

/dev/xvda4                                                 95G   19G   72G  21% /mnt/data

              total        used        free      shared  buff/cache   available
Mem:          31982        7015        9530           8       15435       24722
Swap:          1023           0        1023

--------------------------------------------------------------------------------
Sat Sep 19 12:39:15 CDT 2020

/dev/xvda4                                                 95G   19G   72G  21% /mnt/data

              total        used        free      shared  buff/cache   available
Mem:          31982        7211        9352           8       15417       24524
Swap:          1023           0        1023

--------------------------------------------------------------------------------
Sat Sep 19 12:39:31 CDT 2020

/dev/xvda4                                                 95G   19G   72G  21% /mnt/data

              total        used        free      shared  buff/cache   available
Mem:          31982        9263        7154           8       15564       22472
Swap:          1023           0        1023

--------------------------------------------------------------------------------
Sat Sep 19 12:39:46 CDT 2020

/dev/xvda4                                                 95G   19G   71G  21% /mnt/data

              total        used        free      shared  buff/cache   available
Mem:          31982        9265        6887           8       15829       22470
Swap:          1023           0        1023

--------------------------------------------------------------------------------
Sat Sep 19 12:40:01 CDT 2020

/dev/xvda4                                                 95G   19G   72G  21% /mnt/data

              total        used        free      shared  buff/cache   available
Mem:          31982        7369        9053           8       15558       24367
Swap:          1023           0        1023

--------------------------------------------------------------------------------
Sat Sep 19 12:40:17 CDT 2020

/dev/xvda4                                                 95G   19G   72G  21% /mnt/data

              total        used        free      shared  buff/cache   available
Mem:          31982        6257       10092           8       15632       25479
Swap:          1023           0        1023

--------------------------------------------------------------------------------
Sat Sep 19 12:40:32 CDT 2020

/dev/xvda4                                                 95G   19G   72G  21% /mnt/data

              total        used        free      shared  buff/cache   available
Mem:          31982        6377        9802           8       15802       25358
Swap:          1023           0        1023

--------------------------------------------------------------------------------
Sat Sep 19 12:40:47 CDT 2020

/dev/xvda4                                                 95G   19G   72G  21% /mnt/data

              total        used        free      shared  buff/cache   available
Mem:          31982        6468        9565           8       15947       25267
Swap:          1023           0        1023

--------------------------------------------------------------------------------
Sat Sep 19 12:41:03 CDT 2020

/dev/xvda4                                                 95G   19G   72G  21% /mnt/data

              total        used        free      shared  buff/cache   available
Mem:          31982        6599        9251           8       16131       25137
Swap:          1023           0        1023

--------------------------------------------------------------------------------
Sat Sep 19 12:41:18 CDT 2020

/dev/xvda4                                                 95G   19G   72G  21% /mnt/data

              total        used        free      shared  buff/cache   available
Mem:          31982        6622        9108           8       16251       25113
Swap:          1023           0        1023

--------------------------------------------------------------------------------
Sat Sep 19 12:41:33 CDT 2020

/dev/xvda4                                                 95G   19G   72G  21% /mnt/data

              total        used        free      shared  buff/cache   available
Mem:          31982        6769        8815           8       16397       24966
Swap:          1023           0        1023

--------------------------------------------------------------------------------
Sat Sep 19 12:41:48 CDT 2020

/dev/xvda4                                                 95G   19G   72G  21% /mnt/data

              total        used        free      shared  buff/cache   available
Mem:          31982        6932        8573           8       16475       24804
Swap:          1023           0        1023

--------------------------------------------------------------------------------
Sat Sep 19 12:42:04 CDT 2020

/dev/xvda4                                                 95G   19G   71G  21% /mnt/data

              total        used        free      shared  buff/cache   available
Mem:          31982        7621        7707           8       16652       24114
Swap:          1023           0        1023

--------------------------------------------------------------------------------
Sat Sep 19 12:42:19 CDT 2020

/dev/xvda4                                                 95G   19G   71G  22% /mnt/data

              total        used        free      shared  buff/cache   available
Mem:          31982        7744        7407           8       16829       23991
Swap:          1023           0        1023

--------------------------------------------------------------------------------
Sat Sep 19 12:42:34 CDT 2020

/dev/xvda4                                                 95G   20G   71G  22% /mnt/data

              total        used        free      shared  buff/cache   available
Mem:          31982        8846        6079           8       17056       22889
Swap:          1023           0        1023

--------------------------------------------------------------------------------
Sat Sep 19 12:42:50 CDT 2020

/dev/xvda4                                                 95G   20G   71G  22% /mnt/data

              total        used        free      shared  buff/cache   available
Mem:          31982        8553        6064           8       17364       23182
Swap:          1023           0        1023

--------------------------------------------------------------------------------
Sat Sep 19 12:43:05 CDT 2020

/dev/xvda4                                                 95G   20G   71G  22% /mnt/data

              total        used        free      shared  buff/cache   available
Mem:          31982        9198        5223           8       17559       22537
Swap:          1023           0        1023

--------------------------------------------------------------------------------
Sat Sep 19 12:43:20 CDT 2020

/dev/xvda4                                                 95G   20G   70G  23% /mnt/data

              total        used        free      shared  buff/cache   available
Mem:          31982        9440        4710           8       17831       22295
Swap:          1023           0        1023

--------------------------------------------------------------------------------
Sat Sep 19 12:43:35 CDT 2020

/dev/xvda4                                                 95G   21G   70G  23% /mnt/data

              total        used        free      shared  buff/cache   available
Mem:          31982       10122        3782           8       18077       21614
Swap:          1023           0        1023

--------------------------------------------------------------------------------
Sat Sep 19 12:43:51 CDT 2020

/dev/xvda4                                                 95G   21G   70G  23% /mnt/data

              total        used        free      shared  buff/cache   available
Mem:          31982        9904        3732           8       18344       21831
Swap:          1023           0        1023

--------------------------------------------------------------------------------
Sat Sep 19 12:44:06 CDT 2020

/dev/xvda4                                                 95G   21G   69G  23% /mnt/data

              total        used        free      shared  buff/cache   available
Mem:          31982       10087        3216           8       18677       21647
Swap:          1023           0        1023

--------------------------------------------------------------------------------
Sat Sep 19 12:44:21 CDT 2020

/dev/xvda4                                                 95G   21G   69G  24% /mnt/data

              total        used        free      shared  buff/cache   available
Mem:          31982       10633        2362           8       18986       21101
Swap:          1023           0        1023

--------------------------------------------------------------------------------
Sat Sep 19 12:44:37 CDT 2020

/dev/xvda4                                                 95G   22G   69G  24% /mnt/data

              total        used        free      shared  buff/cache   available
Mem:          31982       10639        2032           8       19310       21095
Swap:          1023           0        1023

--------------------------------------------------------------------------------
Sat Sep 19 12:44:52 CDT 2020

/dev/xvda4                                                 95G   22G   69G  25% /mnt/data

              total        used        free      shared  buff/cache   available
Mem:          31982       10649        1703           8       19628       21085
Swap:          1023           0        1023

--------------------------------------------------------------------------------
Sat Sep 19 12:45:07 CDT 2020

/dev/xvda4                                                 95G   22G   68G  25% /mnt/data

              total        used        free      shared  buff/cache   available
Mem:          31982       10970        1048           8       19962       20764
Swap:          1023           0        1023

--------------------------------------------------------------------------------
Sat Sep 19 12:45:22 CDT 2020

/dev/xvda4                                                 95G   22G   68G  25% /mnt/data

              total        used        free      shared  buff/cache   available
Mem:          31982       11278         550           8       20153       20455
Swap:          1023           0        1023

--------------------------------------------------------------------------------
Sat Sep 19 12:45:38 CDT 2020

/dev/xvda4                                                 95G   23G   68G  25% /mnt/data

              total        used        free      shared  buff/cache   available
Mem:          31982       11304         372           8       20305       20429
Swap:          1023           0        1023

--------------------------------------------------------------------------------
Sat Sep 19 12:45:53 CDT 2020

/dev/xvda4                                                 95G   23G   68G  25% /mnt/data

              total        used        free      shared  buff/cache   available
Mem:          31982       11521         177           8       20282       20212
Swap:          1023           0        1023

--------------------------------------------------------------------------------
Sat Sep 19 12:46:08 CDT 2020

/dev/xvda4                                                 95G   23G   68G  26% /mnt/data

              total        used        free      shared  buff/cache   available
Mem:          31982       11872         629           8       19480       19860
Swap:          1023           0        1023

--------------------------------------------------------------------------------
Sat Sep 19 12:46:24 CDT 2020

/dev/xvda4                                                 95G   23G   67G  26% /mnt/data

              total        used        free      shared  buff/cache   available
Mem:          31982       12320         176           8       19484       19414
Swap:          1023           0        1023

--------------------------------------------------------------------------------
Sat Sep 19 12:46:39 CDT 2020

/dev/xvda4                                                 95G   24G   67G  27% /mnt/data

              total        used        free      shared  buff/cache   available
Mem:          31982       12963         187           8       18831       18771
Swap:          1023           0        1023

--------------------------------------------------------------------------------
Sat Sep 19 12:46:54 CDT 2020

/dev/xvda4                                                 95G   24G   66G  27% /mnt/data

              total        used        free      shared  buff/cache   available
Mem:          31982       12984         157           8       18840       18748
Swap:          1023           0        1023

--------------------------------------------------------------------------------
Sat Sep 19 12:47:10 CDT 2020

/dev/xvda4                                                 95G   25G   66G  27% /mnt/data

              total        used        free      shared  buff/cache   available
Mem:          31982       12839         299           8       18842       18894
Swap:          1023           0        1023

--------------------------------------------------------------------------------
Sat Sep 19 12:47:25 CDT 2020

/dev/xvda4                                                 95G   25G   66G  28% /mnt/data

              total        used        free      shared  buff/cache   available
Mem:          31982       13149         161           8       18671       18585
Swap:          1023           0        1023

--------------------------------------------------------------------------------
Sat Sep 19 12:47:40 CDT 2020

/dev/xvda4                                                 95G   25G   65G  28% /mnt/data

              total        used        free      shared  buff/cache   available
Mem:          31982       13083         276           8       18621       18650
Swap:          1023           0        1023

--------------------------------------------------------------------------------
Sat Sep 19 12:47:55 CDT 2020

/dev/xvda4                                                 95G   26G   65G  28% /mnt/data

              total        used        free      shared  buff/cache   available
Mem:          31982       13345         163           8       18473       18388
Swap:          1023           0        1023

--------------------------------------------------------------------------------
Sat Sep 19 12:48:11 CDT 2020

/dev/xvda4                                                 95G   26G   65G  29% /mnt/data

              total        used        free      shared  buff/cache   available
Mem:          31982       13381         159           8       18440       18353
Swap:          1023           0        1023

--------------------------------------------------------------------------------
Sat Sep 19 12:48:26 CDT 2020

/dev/xvda4                                                 95G   26G   64G  29% /mnt/data

              total        used        free      shared  buff/cache   available
Mem:          31982       13366         158           8       18456       18367
Swap:          1023           0        1023

--------------------------------------------------------------------------------
Sat Sep 19 12:48:41 CDT 2020

/dev/xvda4                                                 95G   26G   64G  29% /mnt/data

              total        used        free      shared  buff/cache   available
Mem:          31982       13272         362           8       18346       18461
Swap:          1023           0        1023

--------------------------------------------------------------------------------
Sat Sep 19 12:48:57 CDT 2020

/dev/xvda4                                                 95G   27G   64G  30% /mnt/data

              total        used        free      shared  buff/cache   available
Mem:          31982       13270         215           8       18496       18464
Swap:          1023           0        1023

--------------------------------------------------------------------------------
Sat Sep 19 12:49:12 CDT 2020

/dev/xvda4                                                 95G   27G   64G  30% /mnt/data

              total        used        free      shared  buff/cache   available
Mem:          31982       13282         168           8       18531       18451
Swap:          1023           0        1023

--------------------------------------------------------------------------------
Sat Sep 19 12:49:27 CDT 2020

/dev/xvda4                                                 95G   27G   64G  30% /mnt/data

              total        used        free      shared  buff/cache   available
Mem:          31982       13582         708           8       17691       18151
Swap:          1023           3        1020

--------------------------------------------------------------------------------
Sat Sep 19 12:49:43 CDT 2020

/dev/xvda4                                                 95G   27G   63G  30% /mnt/data

              total        used        free      shared  buff/cache   available
Mem:          31982       14207         181           8       17593       17527
Swap:          1023           3        1020

--------------------------------------------------------------------------------
Sat Sep 19 12:49:58 CDT 2020

/dev/xvda4                                                 95G   28G   63G  31% /mnt/data

              total        used        free      shared  buff/cache   available
Mem:          31982       14402         158           8       17421       17331
Swap:          1023           3        1020

--------------------------------------------------------------------------------
Sat Sep 19 12:50:13 CDT 2020

/dev/xvda4                                                 95G   28G   62G  32% /mnt/data

              total        used        free      shared  buff/cache   available
Mem:          31982       14081         385           8       17514       17651
Swap:          1023           3        1020

--------------------------------------------------------------------------------
Sat Sep 19 12:50:28 CDT 2020

/dev/xvda4                                                 95G   29G   62G  32% /mnt/data

              total        used        free      shared  buff/cache   available
Mem:          31982       13468         860           8       17653       18266
Swap:          1023           3        1020

--------------------------------------------------------------------------------
Sat Sep 19 12:50:44 CDT 2020

/dev/xvda4                                                 95G   29G   62G  32% /mnt/data

              total        used        free      shared  buff/cache   available
Mem:          31982       13609         381           8       17991       18125
Swap:          1023           3        1020

--------------------------------------------------------------------------------
Sat Sep 19 12:50:59 CDT 2020

/dev/xvda4                                                 95G   29G   61G  33% /mnt/data

              total        used        free      shared  buff/cache   available
Mem:          31982       13783         208           8       17989       17951
Swap:          1023           5        1018

--------------------------------------------------------------------------------
Sat Sep 19 12:51:14 CDT 2020

/dev/xvda4                                                 95G   30G   61G  33% /mnt/data

              total        used        free      shared  buff/cache   available
Mem:          31982       13864         159           8       17957       17869
Swap:          1023           7        1016

--------------------------------------------------------------------------------
Sat Sep 19 12:51:30 CDT 2020

/dev/xvda4                                                 95G   30G   61G  33% /mnt/data

              total        used        free      shared  buff/cache   available
Mem:          31982       13998         218           8       17765       17735
Swap:          1023          10        1013

--------------------------------------------------------------------------------
Sat Sep 19 12:51:45 CDT 2020

/dev/xvda4                                                 95G   30G   60G  34% /mnt/data

              total        used        free      shared  buff/cache   available
Mem:          31982       14089         163           8       17729       17644
Swap:          1023          13        1010

--------------------------------------------------------------------------------
Sat Sep 19 12:52:00 CDT 2020

/dev/xvda4                                                 95G   31G   60G  34% /mnt/data

              total        used        free      shared  buff/cache   available
Mem:          31982       13917         291           8       17773       17815
Swap:          1023          15        1008

--------------------------------------------------------------------------------
Sat Sep 19 12:52:15 CDT 2020

/dev/xvda4                                                 95G   31G   60G  34% /mnt/data

              total        used        free      shared  buff/cache   available
Mem:          31982       13912         164           8       17904       17821
Swap:          1023          15        1008

--------------------------------------------------------------------------------
Sat Sep 19 12:52:31 CDT 2020

/dev/xvda4                                                 95G   31G   60G  34% /mnt/data

              total        used        free      shared  buff/cache   available
Mem:          31982       13919         162           8       17899       17814
Swap:          1023          17        1006

--------------------------------------------------------------------------------
Sat Sep 19 12:52:46 CDT 2020

/dev/xvda4                                                 95G   31G   60G  34% /mnt/data

              total        used        free      shared  buff/cache   available
Mem:          31982       14807         154           8       17020       16926
Swap:          1023          26         997

--------------------------------------------------------------------------------
Sat Sep 19 12:53:01 CDT 2020

/dev/xvda4                                                 95G   31G   59G  35% /mnt/data

              total        used        free      shared  buff/cache   available
Mem:          31982       14562         339           8       17080       17171
Swap:          1023          26         997

--------------------------------------------------------------------------------
Sat Sep 19 12:53:17 CDT 2020

/dev/xvda4                                                 95G   32G   59G  36% /mnt/data

              total        used        free      shared  buff/cache   available
Mem:          31982       14452         403           8       17126       17281
Swap:          1023          26         997

--------------------------------------------------------------------------------
Sat Sep 19 12:53:32 CDT 2020

/dev/xvda4                                                 95G   32G   58G  36% /mnt/data

              total        used        free      shared  buff/cache   available
Mem:          31982       14538         401           8       17043       17196
Swap:          1023          26         997

--------------------------------------------------------------------------------
Sat Sep 19 12:53:47 CDT 2020

/dev/xvda4                                                 95G   33G   58G  36% /mnt/data

              total        used        free      shared  buff/cache   available
Mem:          31982       13868         801           8       17312       17867
Swap:          1023          26         997

--------------------------------------------------------------------------------
Sat Sep 19 12:54:03 CDT 2020

/dev/xvda4                                                 95G   33G   58G  36% /mnt/data

              total        used        free      shared  buff/cache   available
Mem:          31982       13865         803           8       17312       17870
Swap:          1023          26         997

--------------------------------------------------------------------------------
Sat Sep 19 12:54:18 CDT 2020

/dev/xvda4                                                 95G   33G   58G  36% /mnt/data

              total        used        free      shared  buff/cache   available
Mem:          31982       13863         805           8       17312       17872
Swap:          1023          26         997

--------------------------------------------------------------------------------
Sat Sep 19 12:54:33 CDT 2020

/dev/xvda4                                                 95G   33G   58G  36% /mnt/data

              total        used        free      shared  buff/cache   available
Mem:          31982       13862         806           8       17312       17873
Swap:          1023          26         997

--------------------------------------------------------------------------------
Sat Sep 19 12:54:48 CDT 2020

/dev/xvda4                                                 95G   33G   58G  36% /mnt/data

              total        used        free      shared  buff/cache   available
Mem:          31982       13084        1585           8       17312       18651
Swap:          1023          26         997

--------------------------------------------------------------------------------
Sat Sep 19 12:55:04 CDT 2020

/dev/xvda4                                                 95G   33G   58G  36% /mnt/data

              total        used        free      shared  buff/cache   available
Mem:          31982       13081        1587           8       17312       18654
Swap:          1023          26         997

--------------------------------------------------------------------------------
Sat Sep 19 12:55:19 CDT 2020

/dev/xvda4                                                 95G   33G   58G  36% /mnt/data

              total        used        free      shared  buff/cache   available
Mem:          31982       13079        1589           8       17312       18656
Swap:          1023          26         997

--------------------------------------------------------------------------------
Sat Sep 19 12:55:34 CDT 2020

/dev/xvda4                                                 95G   33G   58G  36% /mnt/data

              total        used        free      shared  buff/cache   available
Mem:          31982       13078        1590           8       17312       18657
Swap:          1023          26         997

--------------------------------------------------------------------------------
Sat Sep 19 12:55:50 CDT 2020

/dev/xvda4                                                 95G   33G   58G  36% /mnt/data

              total        used        free      shared  buff/cache   available
Mem:          31982       13076        1592           8       17312       18659
Swap:          1023          26         997

--------------------------------------------------------------------------------
Sat Sep 19 12:56:05 CDT 2020

/dev/xvda4                                                 95G   33G   58G  36% /mnt/data

              total        used        free      shared  buff/cache   available
Mem:          31982       13076        1592           8       17312       18659
Swap:          1023          26         997

--------------------------------------------------------------------------------
Sat Sep 19 12:56:20 CDT 2020

/dev/xvda4                                                 95G   33G   58G  36% /mnt/data

              total        used        free      shared  buff/cache   available
Mem:          31982       13232        1433           8       17316       18504
Swap:          1023          26         997

--------------------------------------------------------------------------------
Sat Sep 19 12:56:35 CDT 2020

/dev/xvda4                                                 95G   33G   58G  37% /mnt/data

              total        used        free      shared  buff/cache   available
Mem:          31982       13445        1000           8       17536       18289
Swap:          1023          26         997

--------------------------------------------------------------------------------
Sat Sep 19 12:56:51 CDT 2020

/dev/xvda4                                                 95G   33G   57G  37% /mnt/data

              total        used        free      shared  buff/cache   available
Mem:          31982       13513         569           8       17899       18222
Swap:          1023          26         997

--------------------------------------------------------------------------------
Sat Sep 19 12:57:06 CDT 2020

/dev/xvda4                                                 95G   34G   57G  37% /mnt/data

              total        used        free      shared  buff/cache   available
Mem:          31982       13673         162           8       18146       18062
Swap:          1023          27         996

--------------------------------------------------------------------------------
Sat Sep 19 12:57:21 CDT 2020

/dev/xvda4                                                 95G   34G   57G  38% /mnt/data

              total        used        free      shared  buff/cache   available
Mem:          31982       13663         159           8       18159       18072
Swap:          1023          31         992

--------------------------------------------------------------------------------
Sat Sep 19 12:57:36 CDT 2020

/dev/xvda4                                                 95G   34G   56G  38% /mnt/data

              total        used        free      shared  buff/cache   available
